<?xml version="1.0" ?>
<project>
  <actions/>
  <description></description>
  <keepDependencies>false</keepDependencies>
  <blockBuildWhenDownstreamBuilding>false</blockBuildWhenDownstreamBuilding>
  <blockBuildWhenUpstreamBuilding>false</blockBuildWhenUpstreamBuilding>
  <concurrentBuild>false</concurrentBuild>
  <assignedNode></assignedNode>
  <canRoam>false</canRoam>
  <logRotator>
    <daysToKeep>7</daysToKeep>
    <numToKeep>16</numToKeep>
    <artifactDaysToKeep>-1</artifactDaysToKeep>
    <artifactNumToKeep>-1</artifactNumToKeep>
  </logRotator>
  <properties/>
  <builders/>
  <publishers/>
  <buildWrappers/>
</project>